2026-04-01 18:29:10,345 - INFO - Start Phase 1: collecting urls
2026-04-01 18:29:15,722 - INFO - All buttons applied now start getting all urls
2026-04-01 18:29:15,944 - ERROR - <selenium.webdriver.remote.webelement.WebElement (session="12a1acbbd4addc9fd5d085041a18c66a", element="f.57DE8335C487734840DC4836CF8F58A7.d.9A1294DD5392E79E43E74A9B4C915AC3.e.7674")> failed
Traceback (most recent call last):
  File "/Users/quinten/Documents/NZa /github/puc-web-scraper/main.py", line 194, in <module>
    next_btn = driver.find_element(By.XPATH, next_xpath)
  File "/Users/quinten/Documents/NZa /github/puc-web-scraper/.venv/lib/python3.13/site-packages/selenium/webdriver/remote/webdriver.py", line 816, in find_element
    return self.execute(Command.FIND_ELEMENT, {"using": by, "value": value})["value"]
           ~~~~~~~~~~~~^^^^^^^^^^^^^^^^^^^^^^^^^^^^^^^^^^^^^^^^^^^^^^^^^^^^^
  File "/Users/quinten/Documents/NZa /github/puc-web-scraper/.venv/lib/python3.13/site-packages/selenium/webdriver/remote/webdriver.py", line 446, in execute
    self.error_handler.check_response(response)
    ~~~~~~~~~~~~~~~~~~~~~~~~~~~~~~~~~^^^^^^^^^^
  File "/Users/quinten/Documents/NZa /github/puc-web-scraper/.venv/lib/python3.13/site-packages/selenium/webdriver/remote/errorhandler.py", line 232, in check_response
    raise exception_class(message, screen, stacktrace)
selenium.common.exceptions.NoSuchElementException: Message: no such element: Unable to locate element: {"method":"xpath","selector":"//a[contains(@class, 'volgende')] | //a[contains(., 'Volgende')]"}
  (Session info: chrome=146.0.7680.167); For documentation on this error, please visit: https://www.selenium.dev/documentation/webdriver/troubleshooting/errors#nosuchelementexception
Stacktrace:
0   chromedriver                        0x0000000109b75f38 chromedriver + 6733624
1   chromedriver                        0x0000000109b6d6ea chromedriver + 6698730
2   chromedriver                        0x0000000109578995 chromedriver + 453013
3   chromedriver                        0x00000001095cbc92 chromedriver + 793746
4   chromedriver                        0x00000001095cbfe1 chromedriver + 794593
5   chromedriver                        0x0000000109617da4 chromedriver + 1105316
6   chromedriver                        0x0000000109614ea5 chromedriver + 1093285
7   chromedriver                        0x00000001095bf307 chromedriver + 742151
8   chromedriver                        0x00000001095c00e1 chromedriver + 745697
9   chromedriver                        0x0000000109b2f76c chromedriver + 6444908
10  chromedriver                        0x0000000109b33b62 chromedriver + 6462306
11  chromedriver                        0x0000000109b1093c chromedriver + 6318396
12  chromedriver                        0x0000000109b345b8 chromedriver + 6464952
13  chromedriver                        0x0000000109affce0 chromedriver + 6249696
14  chromedriver                        0x0000000109b5a7e8 chromedriver + 6621160
15  chromedriver                        0x0000000109b5a9a2 chromedriver + 6621602
16  chromedriver                        0x0000000109b6d2f1 chromedriver + 6697713
17  libsystem_pthread.dylib             0x00007ff81c38be4d _pthread_start + 115
18  libsystem_pthread.dylib             0x00007ff81c387857 thread_start + 15

2026-04-01 18:29:15,949 - INFO - Phase 2: Processing Documents
2026-04-01 18:29:23,684 - INFO - Saved PDF-to-Text: doc
2026-04-01 18:29:23,694 - INFO - Scraping process finished.
2026-04-01 18:33:14,419 - INFO - Start Phase 1: collecting urls
2026-04-01 18:33:19,351 - INFO - All buttons applied now start getting all urls
2026-04-01 18:33:19,527 - ERROR - <selenium.webdriver.remote.webelement.WebElement (session="5b4551fd46bc34f68c8eb632d64c269e", element="f.4D221D79C1902D03F1D2FF7EC52A9329.d.BCD72E19AAD84D302D25074CA7613869.e.7904")> failed
Traceback (most recent call last):
  File "/Users/quinten/Documents/NZa /github/puc-web-scraper/main.py", line 194, in <module>
    next_btn = driver.find_element(By.XPATH, next_xpath)
  File "/Users/quinten/Documents/NZa /github/puc-web-scraper/.venv/lib/python3.13/site-packages/selenium/webdriver/remote/webdriver.py", line 816, in find_element
    return self.execute(Command.FIND_ELEMENT, {"using": by, "value": value})["value"]
           ~~~~~~~~~~~~^^^^^^^^^^^^^^^^^^^^^^^^^^^^^^^^^^^^^^^^^^^^^^^^^^^^^
  File "/Users/quinten/Documents/NZa /github/puc-web-scraper/.venv/lib/python3.13/site-packages/selenium/webdriver/remote/webdriver.py", line 446, in execute
    self.error_handler.check_response(response)
    ~~~~~~~~~~~~~~~~~~~~~~~~~~~~~~~~~^^^^^^^^^^
  File "/Users/quinten/Documents/NZa /github/puc-web-scraper/.venv/lib/python3.13/site-packages/selenium/webdriver/remote/errorhandler.py", line 232, in check_response
    raise exception_class(message, screen, stacktrace)
selenium.common.exceptions.NoSuchElementException: Message: no such element: Unable to locate element: {"method":"xpath","selector":"//a[contains(@class, 'volgende')] | //a[contains(., 'Volgende')]"}
  (Session info: chrome=146.0.7680.167); For documentation on this error, please visit: https://www.selenium.dev/documentation/webdriver/troubleshooting/errors#nosuchelementexception
Stacktrace:
0   chromedriver                        0x0000000104f39f38 chromedriver + 6733624
1   chromedriver                        0x0000000104f316ea chromedriver + 6698730
2   chromedriver                        0x000000010493c995 chromedriver + 453013
3   chromedriver                        0x000000010498fc92 chromedriver + 793746
4   chromedriver                        0x000000010498ffe1 chromedriver + 794593
5   chromedriver                        0x00000001049dbda4 chromedriver + 1105316
6   chromedriver                        0x00000001049d8ea5 chromedriver + 1093285
7   chromedriver                        0x0000000104983307 chromedriver + 742151
8   chromedriver                        0x00000001049840e1 chromedriver + 745697
9   chromedriver                        0x0000000104ef376c chromedriver + 6444908
10  chromedriver                        0x0000000104ef7b62 chromedriver + 6462306
11  chromedriver                        0x0000000104ed493c chromedriver + 6318396
12  chromedriver                        0x0000000104ef85b8 chromedriver + 6464952
13  chromedriver                        0x0000000104ec3ce0 chromedriver + 6249696
14  chromedriver                        0x0000000104f1e7e8 chromedriver + 6621160
15  chromedriver                        0x0000000104f1e9a2 chromedriver + 6621602
16  chromedriver                        0x0000000104f312f1 chromedriver + 6697713
17  libsystem_pthread.dylib             0x00007ff81c38be4d _pthread_start + 115
18  libsystem_pthread.dylib             0x00007ff81c387857 thread_start + 15

2026-04-01 18:33:19,533 - INFO - Phase 2: Processing Documents
2026-04-01 18:33:19,581 - INFO - Scraping process finished.
2026-04-01 18:39:31,920 - INFO - Start Phase 1: collecting urls
2026-04-01 18:39:36,857 - INFO - All buttons applied now start getting all urls
2026-04-01 18:39:37,043 - ERROR - <selenium.webdriver.remote.webelement.WebElement (session="50036bfe03152e29b8dee969a5d3feeb", element="f.FD0F1C2A1AEFF0E6412155267BEC1EEB.d.BA61459B7B226D3C939E811848004E8B.e.7890")> failed
Traceback (most recent call last):
  File "/Users/quinten/Documents/NZa /github/puc-web-scraper/main.py", line 194, in <module>
    next_btn = driver.find_element(By.XPATH, next_xpath)
  File "/Users/quinten/Documents/NZa /github/puc-web-scraper/.venv/lib/python3.13/site-packages/selenium/webdriver/remote/webdriver.py", line 816, in find_element
    return self.execute(Command.FIND_ELEMENT, {"using": by, "value": value})["value"]
           ~~~~~~~~~~~~^^^^^^^^^^^^^^^^^^^^^^^^^^^^^^^^^^^^^^^^^^^^^^^^^^^^^
  File "/Users/quinten/Documents/NZa /github/puc-web-scraper/.venv/lib/python3.13/site-packages/selenium/webdriver/remote/webdriver.py", line 446, in execute
    self.error_handler.check_response(response)
    ~~~~~~~~~~~~~~~~~~~~~~~~~~~~~~~~~^^^^^^^^^^
  File "/Users/quinten/Documents/NZa /github/puc-web-scraper/.venv/lib/python3.13/site-packages/selenium/webdriver/remote/errorhandler.py", line 232, in check_response
    raise exception_class(message, screen, stacktrace)
selenium.common.exceptions.NoSuchElementException: Message: no such element: Unable to locate element: {"method":"xpath","selector":"//a[contains(., 'Volgende')]"}
  (Session info: chrome=146.0.7680.167); For documentation on this error, please visit: https://www.selenium.dev/documentation/webdriver/troubleshooting/errors#nosuchelementexception
Stacktrace:
0   chromedriver                        0x000000010e729f38 chromedriver + 6733624
1   chromedriver                        0x000000010e7216ea chromedriver + 6698730
2   chromedriver                        0x000000010e12c995 chromedriver + 453013
3   chromedriver                        0x000000010e17fc92 chromedriver + 793746
4   chromedriver                        0x000000010e17ffe1 chromedriver + 794593
5   chromedriver                        0x000000010e1cbda4 chromedriver + 1105316
6   chromedriver                        0x000000010e1c8ea5 chromedriver + 1093285
7   chromedriver                        0x000000010e173307 chromedriver + 742151
8   chromedriver                        0x000000010e1740e1 chromedriver + 745697
9   chromedriver                        0x000000010e6e376c chromedriver + 6444908
10  chromedriver                        0x000000010e6e7b62 chromedriver + 6462306
11  chromedriver                        0x000000010e6c493c chromedriver + 6318396
12  chromedriver                        0x000000010e6e85b8 chromedriver + 6464952
13  chromedriver                        0x000000010e6b3ce0 chromedriver + 6249696
14  chromedriver                        0x000000010e70e7e8 chromedriver + 6621160
15  chromedriver                        0x000000010e70e9a2 chromedriver + 6621602
16  chromedriver                        0x000000010e7212f1 chromedriver + 6697713
17  libsystem_pthread.dylib             0x00007ff81c38be4d _pthread_start + 115
18  libsystem_pthread.dylib             0x00007ff81c387857 thread_start + 15

2026-04-01 18:39:37,049 - INFO - Phase 2: Processing Documents
2026-04-01 18:39:37,099 - INFO - Scraping process finished.
2026-04-01 18:43:51,049 - INFO - Start Phase 1: collecting urls
2026-04-01 18:43:55,867 - INFO - All buttons applied now start getting all urls
2026-04-01 18:43:56,055 - ERROR - <selenium.webdriver.remote.webelement.WebElement (session="b551dccdd85a1e3be8133601f1165677", element="f.DA89FD3149114BF472D42241D1C53756.d.83A612B6B12DBD2D1292B4DE51D00986.e.7888")> failed
Traceback (most recent call last):
  File "/Users/quinten/Documents/NZa /github/puc-web-scraper/main.py", line 194, in <module>
    next_btn = driver.find_element(By.XPATH, next_xpath)
  File "/Users/quinten/Documents/NZa /github/puc-web-scraper/.venv/lib/python3.13/site-packages/selenium/webdriver/remote/webdriver.py", line 816, in find_element
    return self.execute(Command.FIND_ELEMENT, {"using": by, "value": value})["value"]
           ~~~~~~~~~~~~^^^^^^^^^^^^^^^^^^^^^^^^^^^^^^^^^^^^^^^^^^^^^^^^^^^^^
  File "/Users/quinten/Documents/NZa /github/puc-web-scraper/.venv/lib/python3.13/site-packages/selenium/webdriver/remote/webdriver.py", line 446, in execute
    self.error_handler.check_response(response)
    ~~~~~~~~~~~~~~~~~~~~~~~~~~~~~~~~~^^^^^^^^^^
  File "/Users/quinten/Documents/NZa /github/puc-web-scraper/.venv/lib/python3.13/site-packages/selenium/webdriver/remote/errorhandler.py", line 232, in check_response
    raise exception_class(message, screen, stacktrace)
selenium.common.exceptions.NoSuchElementException: Message: no such element: Unable to locate element: {"method":"xpath","selector":"//a[contains(., 'Volgende')]"}
  (Session info: chrome=146.0.7680.167); For documentation on this error, please visit: https://www.selenium.dev/documentation/webdriver/troubleshooting/errors#nosuchelementexception
Stacktrace:
0   chromedriver                        0x0000000100693f38 chromedriver + 6733624
1   chromedriver                        0x000000010068b6ea chromedriver + 6698730
2   chromedriver                        0x0000000100096995 chromedriver + 453013
3   chromedriver                        0x00000001000e9c92 chromedriver + 793746
4   chromedriver                        0x00000001000e9fe1 chromedriver + 794593
5   chromedriver                        0x0000000100135da4 chromedriver + 1105316
6   chromedriver                        0x0000000100132ea5 chromedriver + 1093285
7   chromedriver                        0x00000001000dd307 chromedriver + 742151
8   chromedriver                        0x00000001000de0e1 chromedriver + 745697
9   chromedriver                        0x000000010064d76c chromedriver + 6444908
10  chromedriver                        0x0000000100651b62 chromedriver + 6462306
11  chromedriver                        0x000000010062e93c chromedriver + 6318396
12  chromedriver                        0x00000001006525b8 chromedriver + 6464952
13  chromedriver                        0x000000010061dce0 chromedriver + 6249696
14  chromedriver                        0x00000001006787e8 chromedriver + 6621160
15  chromedriver                        0x00000001006789a2 chromedriver + 6621602
16  chromedriver                        0x000000010068b2f1 chromedriver + 6697713
17  libsystem_pthread.dylib             0x00007ff81c38be4d _pthread_start + 115
18  libsystem_pthread.dylib             0x00007ff81c387857 thread_start + 15

2026-04-01 18:43:56,062 - INFO - Phase 2: Processing Documents
2026-04-01 18:43:56,114 - INFO - Scraping process finished.
2026-04-01 18:45:06,358 - INFO - Start Phase 1: collecting urls
2026-04-01 18:45:30,852 - INFO - Start Phase 1: collecting urls
2026-04-01 18:45:36,012 - INFO - All buttons applied now start getting all urls
2026-04-01 18:45:36,181 - ERROR - <selenium.webdriver.remote.webelement.WebElement (session="3db48a440e14fb92386a3dba2b32f3be", element="f.286F1CFCC52E8DFB7F3E1D26BA5A22CE.d.4AE98DE00E2BD8C994FE3E3857B0FADD.e.7912")> failed
Traceback (most recent call last):
  File "/Users/quinten/Documents/NZa /github/puc-web-scraper/main.py", line 194, in <module>
    next_btn = driver.find_element(By.XPATH, next_xpath)
  File "/Users/quinten/Documents/NZa /github/puc-web-scraper/.venv/lib/python3.13/site-packages/selenium/webdriver/remote/webdriver.py", line 816, in find_element
    return self.execute(Command.FIND_ELEMENT, {"using": by, "value": value})["value"]
           ~~~~~~~~~~~~^^^^^^^^^^^^^^^^^^^^^^^^^^^^^^^^^^^^^^^^^^^^^^^^^^^^^
  File "/Users/quinten/Documents/NZa /github/puc-web-scraper/.venv/lib/python3.13/site-packages/selenium/webdriver/remote/webdriver.py", line 446, in execute
    self.error_handler.check_response(response)
    ~~~~~~~~~~~~~~~~~~~~~~~~~~~~~~~~~^^^^^^^^^^
  File "/Users/quinten/Documents/NZa /github/puc-web-scraper/.venv/lib/python3.13/site-packages/selenium/webdriver/remote/errorhandler.py", line 232, in check_response
    raise exception_class(message, screen, stacktrace)
selenium.common.exceptions.NoSuchElementException: Message: no such element: Unable to locate element: {"method":"xpath","selector":"//a[contains(., 'Volgende')]"}
  (Session info: chrome=146.0.7680.167); For documentation on this error, please visit: https://www.selenium.dev/documentation/webdriver/troubleshooting/errors#nosuchelementexception
Stacktrace:
0   chromedriver                        0x0000000109bd6f38 chromedriver + 6733624
1   chromedriver                        0x0000000109bce6ea chromedriver + 6698730
2   chromedriver                        0x00000001095d9995 chromedriver + 453013
3   chromedriver                        0x000000010962cc92 chromedriver + 793746
4   chromedriver                        0x000000010962cfe1 chromedriver + 794593
5   chromedriver                        0x0000000109678da4 chromedriver + 1105316
6   chromedriver                        0x0000000109675ea5 chromedriver + 1093285
7   chromedriver                        0x0000000109620307 chromedriver + 742151
8   chromedriver                        0x00000001096210e1 chromedriver + 745697
9   chromedriver                        0x0000000109b9076c chromedriver + 6444908
10  chromedriver                        0x0000000109b94b62 chromedriver + 6462306
11  chromedriver                        0x0000000109b7193c chromedriver + 6318396
12  chromedriver                        0x0000000109b955b8 chromedriver + 6464952
13  chromedriver                        0x0000000109b60ce0 chromedriver + 6249696
14  chromedriver                        0x0000000109bbb7e8 chromedriver + 6621160
15  chromedriver                        0x0000000109bbb9a2 chromedriver + 6621602
16  chromedriver                        0x0000000109bce2f1 chromedriver + 6697713
17  libsystem_pthread.dylib             0x00007ff81c38be4d _pthread_start + 115
18  libsystem_pthread.dylib             0x00007ff81c387857 thread_start + 15

2026-04-01 18:45:36,189 - INFO - Phase 2: Processing Documents
2026-04-01 18:45:36,206 - INFO - Scraping process finished.
2026-04-01 18:47:00,507 - INFO - Start Phase 1: collecting urls
2026-04-01 18:47:06,762 - INFO - All buttons applied now start getting all urls
2026-04-01 18:47:06,909 - ERROR - <selenium.webdriver.remote.webelement.WebElement (session="8a1dbc28268fcad4b86e0d3db0d81b2e", element="f.9B06BABD2E61613A313682EDAF250435.d.A9BFF2CD13A7D881851EFEF007757219.e.7904")> failed
Traceback (most recent call last):
  File "/Users/quinten/Documents/NZa /github/puc-web-scraper/main.py", line 194, in <module>
    next_btn = driver.find_element(By.XPATH, next_xpath)
  File "/Users/quinten/Documents/NZa /github/puc-web-scraper/.venv/lib/python3.13/site-packages/selenium/webdriver/remote/webdriver.py", line 816, in find_element
    return self.execute(Command.FIND_ELEMENT, {"using": by, "value": value})["value"]
           ~~~~~~~~~~~~^^^^^^^^^^^^^^^^^^^^^^^^^^^^^^^^^^^^^^^^^^^^^^^^^^^^^
  File "/Users/quinten/Documents/NZa /github/puc-web-scraper/.venv/lib/python3.13/site-packages/selenium/webdriver/remote/webdriver.py", line 446, in execute
    self.error_handler.check_response(response)
    ~~~~~~~~~~~~~~~~~~~~~~~~~~~~~~~~~^^^^^^^^^^
  File "/Users/quinten/Documents/NZa /github/puc-web-scraper/.venv/lib/python3.13/site-packages/selenium/webdriver/remote/errorhandler.py", line 232, in check_response
    raise exception_class(message, screen, stacktrace)
selenium.common.exceptions.NoSuchElementException: Message: no such element: Unable to locate element: {"method":"xpath","selector":"//a[contains(., 'Volgende')]"}
  (Session info: chrome=146.0.7680.167); For documentation on this error, please visit: https://www.selenium.dev/documentation/webdriver/troubleshooting/errors#nosuchelementexception
Stacktrace:
0   chromedriver                        0x000000010a093f38 chromedriver + 6733624
1   chromedriver                        0x000000010a08b6ea chromedriver + 6698730
2   chromedriver                        0x0000000109a96995 chromedriver + 453013
3   chromedriver                        0x0000000109ae9c92 chromedriver + 793746
4   chromedriver                        0x0000000109ae9fe1 chromedriver + 794593
5   chromedriver                        0x0000000109b35da4 chromedriver + 1105316
6   chromedriver                        0x0000000109b32ea5 chromedriver + 1093285
7   chromedriver                        0x0000000109add307 chromedriver + 742151
8   chromedriver                        0x0000000109ade0e1 chromedriver + 745697
9   chromedriver                        0x000000010a04d76c chromedriver + 6444908
10  chromedriver                        0x000000010a051b62 chromedriver + 6462306
11  chromedriver                        0x000000010a02e93c chromedriver + 6318396
12  chromedriver                        0x000000010a0525b8 chromedriver + 6464952
13  chromedriver                        0x000000010a01dce0 chromedriver + 6249696
14  chromedriver                        0x000000010a0787e8 chromedriver + 6621160
15  chromedriver                        0x000000010a0789a2 chromedriver + 6621602
16  chromedriver                        0x000000010a08b2f1 chromedriver + 6697713
17  libsystem_pthread.dylib             0x00007ff81c38be4d _pthread_start + 115
18  libsystem_pthread.dylib             0x00007ff81c387857 thread_start + 15

2026-04-01 18:47:06,913 - INFO - Phase 2: Processing Documents
2026-04-01 18:47:06,928 - INFO - Scraping process finished.
2026-04-01 18:48:15,365 - INFO - Start Phase 1: collecting urls
2026-04-01 18:48:17,684 - INFO - All buttons applied now start getting all urls
2026-04-01 18:48:23,763 - INFO - Reached end of list. Total URLs: 40
2026-04-01 18:48:28,114 - INFO - Reached end of list. Total URLs: 80
2026-04-01 18:48:32,454 - INFO - Reached end of list. Total URLs: 120
2026-04-01 18:48:36,872 - INFO - Reached end of list. Total URLs: 160
2026-04-01 18:48:41,486 - INFO - Reached end of list. Total URLs: 200
2026-04-01 18:48:46,208 - INFO - Reached end of list. Total URLs: 240
2026-04-01 18:48:51,057 - INFO - Reached end of list. Total URLs: 280
2026-04-01 18:48:56,038 - INFO - Reached end of list. Total URLs: 320
2026-04-01 18:49:00,692 - INFO - Reached end of list. Total URLs: 360
2026-04-01 18:49:05,174 - INFO - Reached end of list. Total URLs: 400
2026-04-01 18:49:09,627 - INFO - Reached end of list. Total URLs: 440
2026-04-01 18:49:14,086 - INFO - Reached end of list. Total URLs: 480
2026-04-01 18:49:19,386 - INFO - Reached end of list. Total URLs: 520
2026-04-01 18:49:24,941 - INFO - Reached end of list. Total URLs: 560
2026-04-01 18:49:29,912 - INFO - Reached end of list. Total URLs: 600
2026-04-01 18:49:34,252 - INFO - Reached end of list. Total URLs: 640
2026-04-01 18:49:38,838 - INFO - Reached end of list. Total URLs: 680
2026-04-01 18:49:43,075 - INFO - Reached end of list. Total URLs: 720
2026-04-01 18:49:47,397 - INFO - Reached end of list. Total URLs: 760
2026-04-01 18:49:51,771 - INFO - Reached end of list. Total URLs: 800
2026-04-01 18:49:56,243 - INFO - Reached end of list. Total URLs: 840
2026-04-01 18:50:00,521 - INFO - Reached end of list. Total URLs: 880
2026-04-01 18:50:04,843 - INFO - Reached end of list. Total URLs: 920
2026-04-01 18:50:09,136 - INFO - Reached end of list. Total URLs: 960
2026-04-01 18:50:13,716 - INFO - Reached end of list. Total URLs: 1000
2026-04-01 18:50:18,048 - INFO - Reached end of list. Total URLs: 1040
2026-04-01 18:50:23,069 - INFO - Reached end of list. Total URLs: 1080
2026-04-01 18:50:28,563 - INFO - Reached end of list. Total URLs: 1120
2026-04-01 18:50:33,093 - INFO - Reached end of list. Total URLs: 1160
2026-04-01 18:50:37,410 - INFO - Reached end of list. Total URLs: 1200
2026-04-01 18:50:41,866 - INFO - Reached end of list. Total URLs: 1240
2026-04-01 18:50:46,287 - INFO - Reached end of list. Total URLs: 1280
2026-04-01 18:50:50,598 - INFO - Reached end of list. Total URLs: 1320
2026-04-01 18:50:54,823 - INFO - Reached end of list. Total URLs: 1360
2026-04-01 18:50:59,185 - INFO - Reached end of list. Total URLs: 1400
2026-04-01 18:51:03,465 - INFO - Reached end of list. Total URLs: 1440
2026-04-01 18:51:07,687 - INFO - Reached end of list. Total URLs: 1480
2026-04-01 18:51:11,970 - INFO - Reached end of list. Total URLs: 1520
2026-04-01 18:51:16,383 - INFO - Reached end of list. Total URLs: 1560
2026-04-01 18:51:20,792 - INFO - Reached end of list. Total URLs: 1600
2026-04-01 18:51:25,177 - INFO - Reached end of list. Total URLs: 1640
2026-04-01 18:51:29,488 - INFO - Reached end of list. Total URLs: 1680
2026-04-01 18:51:33,796 - INFO - Reached end of list. Total URLs: 1720
2026-04-01 18:51:38,071 - INFO - Reached end of list. Total URLs: 1760
2026-04-01 18:51:42,387 - INFO - Reached end of list. Total URLs: 1800
2026-04-01 18:51:46,908 - INFO - Reached end of list. Total URLs: 1840
2026-04-01 18:51:51,291 - INFO - Reached end of list. Total URLs: 1880
2026-04-01 18:51:55,661 - INFO - Reached end of list. Total URLs: 1920
2026-04-01 18:51:59,995 - INFO - Reached end of list. Total URLs: 1960
2026-04-01 18:52:04,304 - INFO - Reached end of list. Total URLs: 2000
2026-04-01 18:52:08,611 - INFO - Reached end of list. Total URLs: 2040
2026-04-01 18:52:12,894 - INFO - Reached end of list. Total URLs: 2080
2026-04-01 18:52:17,176 - INFO - Reached end of list. Total URLs: 2120
2026-04-01 18:52:21,619 - INFO - Reached end of list. Total URLs: 2160
2026-04-01 18:52:26,019 - INFO - Reached end of list. Total URLs: 2200
2026-04-01 18:52:30,444 - INFO - Reached end of list. Total URLs: 2240
2026-04-01 18:52:34,813 - INFO - Reached end of list. Total URLs: 2280
2026-04-01 18:52:39,127 - INFO - Reached end of list. Total URLs: 2320
2026-04-01 18:52:43,546 - INFO - Reached end of list. Total URLs: 2360
2026-04-01 18:52:48,040 - INFO - Reached end of list. Total URLs: 2400
2026-04-01 18:52:52,346 - INFO - Reached end of list. Total URLs: 2440
2026-04-01 18:52:56,832 - INFO - Reached end of list. Total URLs: 2480
2026-04-01 18:53:01,156 - INFO - Reached end of list. Total URLs: 2520
2026-04-01 18:53:05,678 - INFO - Reached end of list. Total URLs: 2560
2026-04-01 18:53:10,072 - INFO - Reached end of list. Total URLs: 2600
2026-04-01 18:53:14,674 - INFO - Reached end of list. Total URLs: 2640
2026-04-01 18:53:19,052 - INFO - Reached end of list. Total URLs: 2680
2026-04-01 18:53:23,375 - INFO - Reached end of list. Total URLs: 2720
2026-04-01 18:53:27,673 - INFO - Reached end of list. Total URLs: 2760
2026-04-01 18:53:31,961 - INFO - Reached end of list. Total URLs: 2800
2026-04-01 18:53:36,276 - INFO - Reached end of list. Total URLs: 2840
2026-04-01 18:53:40,579 - INFO - Reached end of list. Total URLs: 2880
2026-04-01 18:53:44,967 - INFO - Reached end of list. Total URLs: 2920
2026-04-01 18:53:49,477 - INFO - Reached end of list. Total URLs: 2960
2026-04-01 18:53:53,889 - INFO - Reached end of list. Total URLs: 3000
2026-04-01 18:53:58,275 - INFO - Reached end of list. Total URLs: 3040
2026-04-01 18:54:02,679 - INFO - Reached end of list. Total URLs: 3080
2026-04-01 18:54:07,102 - INFO - Reached end of list. Total URLs: 3120
2026-04-01 18:54:11,738 - INFO - Reached end of list. Total URLs: 3160
2026-04-01 18:54:16,201 - INFO - Reached end of list. Total URLs: 3200
2026-04-01 18:54:20,530 - INFO - Reached end of list. Total URLs: 3240
2026-04-01 18:54:24,728 - INFO - Reached end of list. Total URLs: 3280
2026-04-01 18:54:28,998 - INFO - Reached end of list. Total URLs: 3320
2026-04-01 18:54:33,282 - INFO - Reached end of list. Total URLs: 3360
2026-04-01 18:54:37,606 - INFO - Reached end of list. Total URLs: 3400
2026-04-01 18:54:41,838 - INFO - Reached end of list. Total URLs: 3440
2026-04-01 18:54:46,078 - INFO - Reached end of list. Total URLs: 3480
2026-04-01 18:54:50,289 - INFO - Reached end of list. Total URLs: 3520
2026-04-01 18:54:54,557 - INFO - Reached end of list. Total URLs: 3560
2026-04-01 18:54:58,791 - INFO - Reached end of list. Total URLs: 3600
2026-04-01 18:55:03,110 - INFO - Reached end of list. Total URLs: 3640
2026-04-01 18:55:07,441 - INFO - Reached end of list. Total URLs: 3680
2026-04-01 18:55:11,753 - INFO - Reached end of list. Total URLs: 3720
2026-04-01 18:55:15,974 - INFO - Reached end of list. Total URLs: 3760
2026-04-01 18:55:20,517 - INFO - Reached end of list. Total URLs: 3800
2026-04-01 18:55:24,928 - INFO - Reached end of list. Total URLs: 3840
2026-04-01 18:55:29,193 - INFO - Reached end of list. Total URLs: 3880
2026-04-01 18:55:33,522 - INFO - Reached end of list. Total URLs: 3920
2026-04-01 18:55:37,874 - INFO - Reached end of list. Total URLs: 3960
2026-04-01 18:55:42,339 - INFO - Reached end of list. Total URLs: 4000
2026-04-01 18:55:46,763 - INFO - Reached end of list. Total URLs: 4040
2026-04-01 18:55:51,097 - INFO - Reached end of list. Total URLs: 4080
2026-04-01 18:55:55,568 - INFO - Reached end of list. Total URLs: 4120
2026-04-01 18:55:59,910 - INFO - Reached end of list. Total URLs: 4160
2026-04-01 18:56:04,254 - INFO - Reached end of list. Total URLs: 4200
2026-04-01 18:56:08,636 - INFO - Reached end of list. Total URLs: 4240
2026-04-01 18:56:13,038 - INFO - Reached end of list. Total URLs: 4280
2026-04-01 18:56:17,463 - INFO - Reached end of list. Total URLs: 4320
2026-04-01 18:56:21,854 - INFO - Reached end of list. Total URLs: 4360
2026-04-01 18:56:26,390 - INFO - Reached end of list. Total URLs: 4400
2026-04-01 18:56:30,833 - INFO - Reached end of list. Total URLs: 4440
2026-04-01 18:56:35,265 - INFO - Reached end of list. Total URLs: 4480
2026-04-01 18:56:39,747 - INFO - Reached end of list. Total URLs: 4520
2026-04-01 18:56:44,313 - INFO - Reached end of list. Total URLs: 4560
2026-04-01 18:56:48,830 - INFO - Reached end of list. Total URLs: 4600
2026-04-01 18:56:53,219 - INFO - Reached end of list. Total URLs: 4640
2026-04-01 18:56:57,703 - INFO - Reached end of list. Total URLs: 4680
2026-04-01 18:57:02,104 - INFO - Reached end of list. Total URLs: 4720
2026-04-01 18:57:06,625 - INFO - Reached end of list. Total URLs: 4760
2026-04-01 18:57:10,990 - INFO - Reached end of list. Total URLs: 4800
2026-04-01 18:57:15,523 - INFO - Reached end of list. Total URLs: 4840
2026-04-01 18:57:19,949 - INFO - Reached end of list. Total URLs: 4880
2026-04-01 18:57:24,369 - INFO - Reached end of list. Total URLs: 4920
2026-04-01 18:57:28,754 - INFO - Reached end of list. Total URLs: 4960
2026-04-01 18:57:33,250 - INFO - Reached end of list. Total URLs: 5000
2026-04-01 18:57:37,757 - INFO - Reached end of list. Total URLs: 5040
2026-04-01 18:57:42,165 - INFO - Reached end of list. Total URLs: 5080
2026-04-01 18:57:46,788 - INFO - Reached end of list. Total URLs: 5120
2026-04-01 18:57:51,202 - INFO - Reached end of list. Total URLs: 5160
2026-04-01 18:57:55,779 - INFO - Reached end of list. Total URLs: 5200
2026-04-01 18:58:00,278 - INFO - Reached end of list. Total URLs: 5240
2026-04-01 18:58:04,790 - INFO - Reached end of list. Total URLs: 5280
2026-04-01 18:58:09,290 - INFO - Reached end of list. Total URLs: 5320
2026-04-01 18:58:13,823 - INFO - Reached end of list. Total URLs: 5360
2026-04-01 18:58:18,280 - INFO - Reached end of list. Total URLs: 5400
2026-04-01 18:58:22,863 - INFO - Reached end of list. Total URLs: 5440
2026-04-01 18:58:27,320 - INFO - Reached end of list. Total URLs: 5480
2026-04-01 18:58:31,764 - INFO - Reached end of list. Total URLs: 5520
2026-04-01 18:58:36,033 - INFO - Reached end of list. Total URLs: 5560
2026-04-01 18:58:40,733 - INFO - Reached end of list. Total URLs: 5600
2026-04-01 18:58:45,131 - INFO - Reached end of list. Total URLs: 5640
2026-04-01 18:58:49,530 - INFO - Reached end of list. Total URLs: 5680
2026-04-01 18:58:53,984 - INFO - Reached end of list. Total URLs: 5720
2026-04-01 18:58:58,690 - INFO - Reached end of list. Total URLs: 5760
2026-04-01 18:59:03,141 - INFO - Reached end of list. Total URLs: 5800
2026-04-01 18:59:07,960 - INFO - Reached end of list. Total URLs: 5840
2026-04-01 18:59:12,587 - INFO - Reached end of list. Total URLs: 5880
2026-04-01 18:59:17,090 - INFO - Reached end of list. Total URLs: 5920
2026-04-01 18:59:21,655 - INFO - Reached end of list. Total URLs: 5960
2026-04-01 18:59:26,218 - INFO - Reached end of list. Total URLs: 6000
2026-04-01 18:59:30,833 - INFO - Reached end of list. Total URLs: 6040
2026-04-01 18:59:35,261 - INFO - Reached end of list. Total URLs: 6080
2026-04-01 18:59:39,778 - INFO - Reached end of list. Total URLs: 6120
2026-04-01 18:59:44,339 - INFO - Reached end of list. Total URLs: 6160
2026-04-01 18:59:48,823 - INFO - Reached end of list. Total URLs: 6200
2026-04-01 18:59:53,447 - INFO - Reached end of list. Total URLs: 6240
2026-04-01 18:59:57,931 - INFO - Reached end of list. Total URLs: 6280
2026-04-01 19:00:02,470 - INFO - Reached end of list. Total URLs: 6320
2026-04-01 19:00:07,080 - INFO - Reached end of list. Total URLs: 6360
2026-04-01 19:00:11,865 - INFO - Reached end of list. Total URLs: 6400
2026-04-01 19:00:16,383 - INFO - Reached end of list. Total URLs: 6440
2026-04-01 19:00:21,185 - INFO - Reached end of list. Total URLs: 6480
2026-04-01 19:00:25,760 - INFO - Reached end of list. Total URLs: 6520
2026-04-01 19:00:30,204 - INFO - Reached end of list. Total URLs: 6560
2026-04-01 19:00:34,697 - INFO - Reached end of list. Total URLs: 6600
2026-04-01 19:00:39,219 - INFO - Reached end of list. Total URLs: 6640
2026-04-01 19:00:43,848 - INFO - Reached end of list. Total URLs: 6680
2026-04-01 19:00:48,468 - INFO - Reached end of list. Total URLs: 6720
